[vivasorteiomilhao.vercel.app/sorteio/index.html]
[backblue.gif]
[fade.gif]
[index.html]
[vivasorteiomilhao.vercel.app/sorteio/css/style.css]
[vivasorteiomilhao.vercel.app/sorteio/css/header.css]
[vivasorteiomilhao.vercel.app/sorteio/css/bootstrap.min.css]
[vivasorteiomilhao.vercel.app/sorteio/css/bootstrap-icons.min.css]
[api.dimpple.com/public/js/analytics2a2d.js]
[vivasorteiomilhao.vercel.app/sorteio/href, window.location.7.delayed]
[s1.kwai.net/kos/s101/nlav11187/pixel/events.js]
[s16-11187.ap4r.com/kos/s101/nlav11187/pixel/events.js]
[vivasorteiomilhao.vercel.app/sorteio/images/logo.png]
[vivasorteiomilhao.vercel.app/sorteio/images/bannercima.gif]
[vivasorteiomilhao.vercel.app/sorteio/images/1m.jpg]
[vivasorteiomilhao.vercel.app/sorteio/images/banner14_09.mp4]
[vivasorteiomilhao.vercel.app/sorteio/images/logo-hospital.svg]
[vivasorteiomilhao.vercel.app/sorteio/images/viva-hosp.svg]
[vivasorteiomilhao.vercel.app/sorteio/css/rodape.css]
[vivasorteiomilhao.vercel.app/sorteio/images/viacap.png]
[vivasorteiomilhao.vercel.app/sorteio/images/viva.png]
[vivasorteiomilhao.vercel.app/sorteio/images/edjdigital.png]
[cdn.utmify.com.br/scripts/pixel/pixel.js]
[vivasorteiomilhao.vercel.app/sorteio/js/bootstrap.bundle.min.js]
[vivasorteiomilhao.vercel.app/sorteio/index.html]
[cdn.utmify.com.br/scripts/utms/latest.js]
[vivasorteiomilhao.vercel.app/sorteio/css/style.css]
[vivasorteiomilhao.vercel.app/sorteio/css/header.css]
[vivasorteiomilhao.vercel.app/sorteio/css/bootstrap.min.css]
[vivasorteiomilhao.vercel.app/sorteio/images/pattern-viva.svg]
[vivasorteiomilhao.vercel.app/sorteio/fonts/bootstrap-icons.woff2]
[vivasorteiomilhao.vercel.app/sorteio/fonts/bootstrap-icons.woff]
[vivasorteiomilhao.vercel.app/sorteio/css/bootstrap-icons.min.css]
[vivasorteiomilhao.vercel.app/sorteio/href, window.location.html]
[vivasorteiomilhao.vercel.app/sorteio/images/logo-hospital.svg]
[vivasorteiomilhao.vercel.app/sorteio/images/viva-hosp.svg]
[vivasorteiomilhao.vercel.app/sorteio/css/rodape.css]
[vivasorteiomilhao.vercel.app/sorteio/images/pattern-viva.svg]
